02:09:31 **** Incremental Build of configuration Debug for project J3_ESC_Brushed ****
make -j8 all 
arm-none-eabi-gcc "../Core/Src/usr/main_ESC_Brushed.c" -mcpu=cortex-m3 -std=gnu11 -g3 -DDEBUG -DUSE_HAL_DRIVER -DSTM32F103xB -c -I../Core/Inc -I../Drivers/STM32F1xx_HAL_Driver/Inc -I../Drivers/STM32F1xx_HAL_Driver/Inc/Legacy -I../Drivers/CMSIS/Device/ST/STM32F1xx/Include -I../Drivers/CMSIS/Include -O0 -ffunction-sections -fdata-sections -Wall -fstack-usage -MMD -MP -MF"Core/Src/usr/main_ESC_Brushed.d" -MT"Core/Src/usr/main_ESC_Brushed.o" --specs=nano.specs -mfloat-abi=soft -mthumb -o "Core/Src/usr/main_ESC_Brushed.o"
../Core/Src/usr/main_ESC_Brushed.c: In function 'main_ESC_Brushed':
../Core/Src/usr/main_ESC_Brushed.c:46:31: warning: pointer targets in passing argument 2 of 'HAL_UART_Transmit' differ in signedness [-Wpointer-sign]
   46 |    HAL_UART_Transmit(&huart1, "CH1:", 4, 100);
      |                               ^~~~~~
      |                               |
      |                               char *
In file included from ../Core/Inc/stm32f1xx_hal_conf.h:338,
                 from ../Drivers/STM32F1xx_HAL_Driver/Inc/stm32f1xx_hal.h:30,
                 from ../Core/Inc/main.h:30,
                 from ../Core/Inc/usr\main_ESC_Brushed.h:11,
                 from ../Core/Src/usr/main_ESC_Brushed.c:9:
../Drivers/STM32F1xx_HAL_Driver/Inc/stm32f1xx_hal_uart.h:725:73: note: expected 'uint8_t *' {aka 'unsigned char *'} but argument is of type 'char *'
  725 | HAL_StatusTypeDef HAL_UART_Transmit(UART_HandleTypeDef *huart, uint8_t *pData, uint16_t Size, uint32_t Timeout);
      |                                                                ~~~~~~~~~^~~~~
../Core/Src/usr/main_ESC_Brushed.c:47:4: warning: implicit declaration of function 'sprintf' [-Wimplicit-function-declaration]
   47 |    sprintf(str, "%d", J3_IBUS_GetCh(RxIBus, 1));
      |    ^~~~~~~
../Core/Src/usr/main_ESC_Brushed.c:47:4: warning: incompatible implicit declaration of built-in function 'sprintf'
../Core/Src/usr/main_ESC_Brushed.c:12:1: note: include '<stdio.h>' or provide a declaration of 'sprintf'
   11 | #include "usr\J3_IBUS_FLYSKY.h"
  +++ |+#include <stdio.h>
   12 | 
../Core/Src/usr/main_ESC_Brushed.c:48:31: warning: pointer targets in passing argument 2 of 'HAL_UART_Transmit' differ in signedness [-Wpointer-sign]
   48 |    HAL_UART_Transmit(&huart1, (char*)str, sprintf(str, "%d", J3_IBUS_GetCh(RxIBus, 1)), 100);
      |                               ^~~~~~~~~~
      |                               |
      |                               char *
In file included from ../Core/Inc/stm32f1xx_hal_conf.h:338,
                 from ../Drivers/STM32F1xx_HAL_Driver/Inc/stm32f1xx_hal.h:30,
                 from ../Core/Inc/main.h:30,
                 from ../Core/Inc/usr\main_ESC_Brushed.h:11,
                 from ../Core/Src/usr/main_ESC_Brushed.c:9:
../Drivers/STM32F1xx_HAL_Driver/Inc/stm32f1xx_hal_uart.h:725:73: note: expected 'uint8_t *' {aka 'unsigned char *'} but argument is of type 'char *'
  725 | HAL_StatusTypeDef HAL_UART_Transmit(UART_HandleTypeDef *huart, uint8_t *pData, uint16_t Size, uint32_t Timeout);
      |                                                                ~~~~~~~~~^~~~~
../Core/Src/usr/main_ESC_Brushed.c:49:31: warning: pointer targets in passing argument 2 of 'HAL_UART_Transmit' differ in signedness [-Wpointer-sign]
   49 |    HAL_UART_Transmit(&huart1, "\r\n", 2, 100);
      |                               ^~~~~~
      |                               |
      |                               char *
In file included from ../Core/Inc/stm32f1xx_hal_conf.h:338,
                 from ../Drivers/STM32F1xx_HAL_Driver/Inc/stm32f1xx_hal.h:30,
                 from ../Core/Inc/main.h:30,
                 from ../Core/Inc/usr\main_ESC_Brushed.h:11,
                 from ../Core/Src/usr/main_ESC_Brushed.c:9:
../Drivers/STM32F1xx_HAL_Driver/Inc/stm32f1xx_hal_uart.h:725:73: note: expected 'uint8_t *' {aka 'unsigned char *'} but argument is of type 'char *'
  725 | HAL_StatusTypeDef HAL_UART_Transmit(UART_HandleTypeDef *huart, uint8_t *pData, uint16_t Size, uint32_t Timeout);
      |                                                                ~~~~~~~~~^~~~~
../Core/Src/usr/main_ESC_Brushed.c:51:31: warning: pointer targets in passing argument 2 of 'HAL_UART_Transmit' differ in signedness [-Wpointer-sign]
   51 |    HAL_UART_Transmit(&huart1, "CH2:", 4, 100);
      |                               ^~~~~~
      |                               |
      |                               char *
In file included from ../Core/Inc/stm32f1xx_hal_conf.h:338,
                 from ../Drivers/STM32F1xx_HAL_Driver/Inc/stm32f1xx_hal.h:30,
                 from ../Core/Inc/main.h:30,
                 from ../Core/Inc/usr\main_ESC_Brushed.h:11,
                 from ../Core/Src/usr/main_ESC_Brushed.c:9:
../Drivers/STM32F1xx_HAL_Driver/Inc/stm32f1xx_hal_uart.h:725:73: note: expected 'uint8_t *' {aka 'unsigned char *'} but argument is of type 'char *'
  725 | HAL_StatusTypeDef HAL_UART_Transmit(UART_HandleTypeDef *huart, uint8_t *pData, uint16_t Size, uint32_t Timeout);
      |                                                                ~~~~~~~~~^~~~~
../Core/Src/usr/main_ESC_Brushed.c:53:31: warning: pointer targets in passing argument 2 of 'HAL_UART_Transmit' differ in signedness [-Wpointer-sign]
   53 |    HAL_UART_Transmit(&huart1, (char*)str, sprintf(str, "%d", J3_IBUS_GetCh(RxIBus, 2)), 100);
      |                               ^~~~~~~~~~
      |                               |
      |                               char *
In file included from ../Core/Inc/stm32f1xx_hal_conf.h:338,
                 from ../Drivers/STM32F1xx_HAL_Driver/Inc/stm32f1xx_hal.h:30,
                 from ../Core/Inc/main.h:30,
                 from ../Core/Inc/usr\main_ESC_Brushed.h:11,
                 from ../Core/Src/usr/main_ESC_Brushed.c:9:
../Drivers/STM32F1xx_HAL_Driver/Inc/stm32f1xx_hal_uart.h:725:73: note: expected 'uint8_t *' {aka 'unsigned char *'} but argument is of type 'char *'
  725 | HAL_StatusTypeDef HAL_UART_Transmit(UART_HandleTypeDef *huart, uint8_t *pData, uint16_t Size, uint32_t Timeout);
      |                                                                ~~~~~~~~~^~~~~
../Core/Src/usr/main_ESC_Brushed.c:54:31: warning: pointer targets in passing argument 2 of 'HAL_UART_Transmit' differ in signedness [-Wpointer-sign]
   54 |    HAL_UART_Transmit(&huart1, "\r\n", 2, 100);
      |                               ^~~~~~
      |                               |
      |                               char *
In file included from ../Core/Inc/stm32f1xx_hal_conf.h:338,
                 from ../Drivers/STM32F1xx_HAL_Driver/Inc/stm32f1xx_hal.h:30,
                 from ../Core/Inc/main.h:30,
                 from ../Core/Inc/usr\main_ESC_Brushed.h:11,
                 from ../Core/Src/usr/main_ESC_Brushed.c:9:
../Drivers/STM32F1xx_HAL_Driver/Inc/stm32f1xx_hal_uart.h:725:73: note: expected 'uint8_t *' {aka 'unsigned char *'} but argument is of type 'char *'
  725 | HAL_StatusTypeDef HAL_UART_Transmit(UART_HandleTypeDef *huart, uint8_t *pData, uint16_t Size, uint32_t Timeout);
      |                                                                ~~~~~~~~~^~~~~
../Core/Src/usr/main_ESC_Brushed.c:56:31: warning: pointer targets in passing argument 2 of 'HAL_UART_Transmit' differ in signedness [-Wpointer-sign]
   56 |    HAL_UART_Transmit(&huart1, "CH3:", 4, 100);
      |                               ^~~~~~
      |                               |
      |                               char *
In file included from ../Core/Inc/stm32f1xx_hal_conf.h:338,
                 from ../Drivers/STM32F1xx_HAL_Driver/Inc/stm32f1xx_hal.h:30,
                 from ../Core/Inc/main.h:30,
                 from ../Core/Inc/usr\main_ESC_Brushed.h:11,
                 from ../Core/Src/usr/main_ESC_Brushed.c:9:
../Drivers/STM32F1xx_HAL_Driver/Inc/stm32f1xx_hal_uart.h:725:73: note: expected 'uint8_t *' {aka 'unsigned char *'} but argument is of type 'char *'
  725 | HAL_StatusTypeDef HAL_UART_Transmit(UART_HandleTypeDef *huart, uint8_t *pData, uint16_t Size, uint32_t Timeout);
      |                                                                ~~~~~~~~~^~~~~
../Core/Src/usr/main_ESC_Brushed.c:58:31: warning: pointer targets in passing argument 2 of 'HAL_UART_Transmit' differ in signedness [-Wpointer-sign]
   58 |    HAL_UART_Transmit(&huart1, (char*)str, sprintf(str, "%d", J3_IBUS_GetCh(RxIBus, 3)), 100);
      |                               ^~~~~~~~~~
      |                               |
      |                               char *
In file included from ../Core/Inc/stm32f1xx_hal_conf.h:338,
                 from ../Drivers/STM32F1xx_HAL_Driver/Inc/stm32f1xx_hal.h:30,
                 from ../Core/Inc/main.h:30,
                 from ../Core/Inc/usr\main_ESC_Brushed.h:11,
                 from ../Core/Src/usr/main_ESC_Brushed.c:9:
../Drivers/STM32F1xx_HAL_Driver/Inc/stm32f1xx_hal_uart.h:725:73: note: expected 'uint8_t *' {aka 'unsigned char *'} but argument is of type 'char *'
  725 | HAL_StatusTypeDef HAL_UART_Transmit(UART_HandleTypeDef *huart, uint8_t *pData, uint16_t Size, uint32_t Timeout);
      |                                                                ~~~~~~~~~^~~~~
../Core/Src/usr/main_ESC_Brushed.c:59:31: warning: pointer targets in passing argument 2 of 'HAL_UART_Transmit' differ in signedness [-Wpointer-sign]
   59 |    HAL_UART_Transmit(&huart1, "\r\n", 2, 100);
      |                               ^~~~~~
      |                               |
      |                               char *
In file included from ../Core/Inc/stm32f1xx_hal_conf.h:338,
                 from ../Drivers/STM32F1xx_HAL_Driver/Inc/stm32f1xx_hal.h:30,
                 from ../Core/Inc/main.h:30,
                 from ../Core/Inc/usr\main_ESC_Brushed.h:11,
                 from ../Core/Src/usr/main_ESC_Brushed.c:9:
../Drivers/STM32F1xx_HAL_Driver/Inc/stm32f1xx_hal_uart.h:725:73: note: expected 'uint8_t *' {aka 'unsigned char *'} but argument is of type 'char *'
  725 | HAL_StatusTypeDef HAL_UART_Transmit(UART_HandleTypeDef *huart, uint8_t *pData, uint16_t Size, uint32_t Timeout);
      |                                                                ~~~~~~~~~^~~~~
../Core/Src/usr/main_ESC_Brushed.c:61:31: warning: pointer targets in passing argument 2 of 'HAL_UART_Transmit' differ in signedness [-Wpointer-sign]
   61 |    HAL_UART_Transmit(&huart1, "CH4:", 4, 100);
      |                               ^~~~~~
      |                               |
      |                               char *
In file included from ../Core/Inc/stm32f1xx_hal_conf.h:338,
                 from ../Drivers/STM32F1xx_HAL_Driver/Inc/stm32f1xx_hal.h:30,
                 from ../Core/Inc/main.h:30,
                 from ../Core/Inc/usr\main_ESC_Brushed.h:11,
                 from ../Core/Src/usr/main_ESC_Brushed.c:9:
../Drivers/STM32F1xx_HAL_Driver/Inc/stm32f1xx_hal_uart.h:725:73: note: expected 'uint8_t *' {aka 'unsigned char *'} but argument is of type 'char *'
  725 | HAL_StatusTypeDef HAL_UART_Transmit(UART_HandleTypeDef *huart, uint8_t *pData, uint16_t Size, uint32_t Timeout);
      |                                                                ~~~~~~~~~^~~~~
../Core/Src/usr/main_ESC_Brushed.c:63:31: warning: pointer targets in passing argument 2 of 'HAL_UART_Transmit' differ in signedness [-Wpointer-sign]
   63 |    HAL_UART_Transmit(&huart1, (char*)str, sprintf(str, "%d", J3_IBUS_GetCh(RxIBus, 4)), 100);
      |                               ^~~~~~~~~~
      |                               |
      |                               char *
In file included from ../Core/Inc/stm32f1xx_hal_conf.h:338,
                 from ../Drivers/STM32F1xx_HAL_Driver/Inc/stm32f1xx_hal.h:30,
                 from ../Core/Inc/main.h:30,
                 from ../Core/Inc/usr\main_ESC_Brushed.h:11,
                 from ../Core/Src/usr/main_ESC_Brushed.c:9:
../Drivers/STM32F1xx_HAL_Driver/Inc/stm32f1xx_hal_uart.h:725:73: note: expected 'uint8_t *' {aka 'unsigned char *'} but argument is of type 'char *'
  725 | HAL_StatusTypeDef HAL_UART_Transmit(UART_HandleTypeDef *huart, uint8_t *pData, uint16_t Size, uint32_t Timeout);
      |                                                                ~~~~~~~~~^~~~~
../Core/Src/usr/main_ESC_Brushed.c:64:31: warning: pointer targets in passing argument 2 of 'HAL_UART_Transmit' differ in signedness [-Wpointer-sign]
   64 |    HAL_UART_Transmit(&huart1, "\r\n", 2, 100);
      |                               ^~~~~~
      |                               |
      |                               char *
In file included from ../Core/Inc/stm32f1xx_hal_conf.h:338,
                 from ../Drivers/STM32F1xx_HAL_Driver/Inc/stm32f1xx_hal.h:30,
                 from ../Core/Inc/main.h:30,
                 from ../Core/Inc/usr\main_ESC_Brushed.h:11,
                 from ../Core/Src/usr/main_ESC_Brushed.c:9:
../Drivers/STM32F1xx_HAL_Driver/Inc/stm32f1xx_hal_uart.h:725:73: note: expected 'uint8_t *' {aka 'unsigned char *'} but argument is of type 'char *'
  725 | HAL_StatusTypeDef HAL_UART_Transmit(UART_HandleTypeDef *huart, uint8_t *pData, uint16_t Size, uint32_t Timeout);
      |                                                                ~~~~~~~~~^~~~~
../Core/Src/usr/main_ESC_Brushed.c:66:31: warning: pointer targets in passing argument 2 of 'HAL_UART_Transmit' differ in signedness [-Wpointer-sign]
   66 |    HAL_UART_Transmit(&huart1, "\r\n", 2, 100);
      |                               ^~~~~~
      |                               |
      |                               char *
In file included from ../Core/Inc/stm32f1xx_hal_conf.h:338,
                 from ../Drivers/STM32F1xx_HAL_Driver/Inc/stm32f1xx_hal.h:30,
                 from ../Core/Inc/main.h:30,
                 from ../Core/Inc/usr\main_ESC_Brushed.h:11,
                 from ../Core/Src/usr/main_ESC_Brushed.c:9:
../Drivers/STM32F1xx_HAL_Driver/Inc/stm32f1xx_hal_uart.h:725:73: note: expected 'uint8_t *' {aka 'unsigned char *'} but argument is of type 'char *'
  725 | HAL_StatusTypeDef HAL_UART_Transmit(UART_HandleTypeDef *huart, uint8_t *pData, uint16_t Size, uint32_t Timeout);
      |                                                                ~~~~~~~~~^~~~~
../Core/Src/usr/main_ESC_Brushed.c:18:11: warning: unused variable 'pwm' [-Wunused-variable]
   18 |   int16_t pwm = 0;
      |           ^~~
arm-none-eabi-gcc -o "J3_ESC_Brushed.elf" @"objects.list"   -mcpu=cortex-m3 -T"C:\NelsonLima\Projetos\03_ESC_Brushed\ESC_Brushed.git\trunk\CubeIDE\J3_ESC_Brushed\STM32F103C8TX_FLASH.ld" --specs=nosys.specs -Wl,-Map="J3_ESC_Brushed.map" -Wl,--gc-sections -static --specs=nano.specs -mfloat-abi=soft -mthumb -Wl,--start-group -lc -lm -Wl,--end-group
Finished building target: J3_ESC_Brushed.elf
 
arm-none-eabi-size   J3_ESC_Brushed.elf 
arm-none-eabi-objdump -h -S  J3_ESC_Brushed.elf  > "J3_ESC_Brushed.list"
   text	   data	    bss	    dec	    hex	filename
  15456	    120	   1800	  17376	   43e0	J3_ESC_Brushed.elf
Finished building: default.size.stdout
 
Finished building: J3_ESC_Brushed.list
 
02:16:49 **** Incremental Build of configuration Debug for project J3_ESC_Brushed ****
make -j8 all 
arm-none-eabi-gcc "../Core/Src/usr/main_ESC_Brushed.c" -mcpu=cortex-m3 -std=gnu11 -g3 -DDEBUG -DUSE_HAL_DRIVER -DSTM32F103xB -c -I../Core/Inc -I../Drivers/STM32F1xx_HAL_Driver/Inc -I../Drivers/STM32F1xx_HAL_Driver/Inc/Legacy -I../Drivers/CMSIS/Device/ST/STM32F1xx/Include -I../Drivers/CMSIS/Include -O0 -ffunction-sections -fdata-sections -Wall -fstack-usage -MMD -MP -MF"Core/Src/usr/main_ESC_Brushed.d" -MT"Core/Src/usr/main_ESC_Brushed.o" --specs=nano.specs -mfloat-abi=soft -mthumb -o "Core/Src/usr/main_ESC_Brushed.o"
../Core/Src/usr/main_ESC_Brushed.c: In function 'main_ESC_Brushed':
../Core/Src/usr/main_ESC_Brushed.c:46:31: warning: pointer targets in passing argument 2 of 'HAL_UART_Transmit' differ in signedness [-Wpointer-sign]
   46 |    HAL_UART_Transmit(&huart1, "CH1:", 4, 100);
      |                               ^~~~~~
      |                               |
      |                               char *
In file included from ../Core/Inc/stm32f1xx_hal_conf.h:338,
                 from ../Drivers/STM32F1xx_HAL_Driver/Inc/stm32f1xx_hal.h:30,
                 from ../Core/Inc/main.h:30,
                 from ../Core/Inc/usr\main_ESC_Brushed.h:11,
                 from ../Core/Src/usr/main_ESC_Brushed.c:9:
../Drivers/STM32F1xx_HAL_Driver/Inc/stm32f1xx_hal_uart.h:725:73: note: expected 'uint8_t *' {aka 'unsigned char *'} but argument is of type 'char *'
  725 | HAL_StatusTypeDef HAL_UART_Transmit(UART_HandleTypeDef *huart, uint8_t *pData, uint16_t Size, uint32_t Timeout);
      |                                                                ~~~~~~~~~^~~~~
../Core/Src/usr/main_ESC_Brushed.c:47:4: warning: implicit declaration of function 'sprintf' [-Wimplicit-function-declaration]
   47 |    sprintf(str, "%d", J3_IBUS_GetCh(RxIBus, 1));
      |    ^~~~~~~
../Core/Src/usr/main_ESC_Brushed.c:47:4: warning: incompatible implicit declaration of built-in function 'sprintf'
../Core/Src/usr/main_ESC_Brushed.c:12:1: note: include '<stdio.h>' or provide a declaration of 'sprintf'
   11 | #include "usr\J3_IBUS_FLYSKY.h"
  +++ |+#include <stdio.h>
   12 | 
../Core/Src/usr/main_ESC_Brushed.c:48:31: warning: pointer targets in passing argument 2 of 'HAL_UART_Transmit' differ in signedness [-Wpointer-sign]
   48 |    HAL_UART_Transmit(&huart1, (char*)str, sprintf(str, "%d", J3_IBUS_GetCh(RxIBus, 1)), 100);
      |                               ^~~~~~~~~~
      |                               |
      |                               char *
In file included from ../Core/Inc/stm32f1xx_hal_conf.h:338,
                 from ../Drivers/STM32F1xx_HAL_Driver/Inc/stm32f1xx_hal.h:30,
                 from ../Core/Inc/main.h:30,
                 from ../Core/Inc/usr\main_ESC_Brushed.h:11,
                 from ../Core/Src/usr/main_ESC_Brushed.c:9:
../Drivers/STM32F1xx_HAL_Driver/Inc/stm32f1xx_hal_uart.h:725:73: note: expected 'uint8_t *' {aka 'unsigned char *'} but argument is of type 'char *'
  725 | HAL_StatusTypeDef HAL_UART_Transmit(UART_HandleTypeDef *huart, uint8_t *pData, uint16_t Size, uint32_t Timeout);
      |                                                                ~~~~~~~~~^~~~~
../Core/Src/usr/main_ESC_Brushed.c:49:31: warning: pointer targets in passing argument 2 of 'HAL_UART_Transmit' differ in signedness [-Wpointer-sign]
   49 |    HAL_UART_Transmit(&huart1, "\r\n", 2, 100);
      |                               ^~~~~~
      |                               |
      |                               char *
In file included from ../Core/Inc/stm32f1xx_hal_conf.h:338,
                 from ../Drivers/STM32F1xx_HAL_Driver/Inc/stm32f1xx_hal.h:30,
                 from ../Core/Inc/main.h:30,
                 from ../Core/Inc/usr\main_ESC_Brushed.h:11,
                 from ../Core/Src/usr/main_ESC_Brushed.c:9:
../Drivers/STM32F1xx_HAL_Driver/Inc/stm32f1xx_hal_uart.h:725:73: note: expected 'uint8_t *' {aka 'unsigned char *'} but argument is of type 'char *'
  725 | HAL_StatusTypeDef HAL_UART_Transmit(UART_HandleTypeDef *huart, uint8_t *pData, uint16_t Size, uint32_t Timeout);
      |                                                                ~~~~~~~~~^~~~~
../Core/Src/usr/main_ESC_Brushed.c:51:31: warning: pointer targets in passing argument 2 of 'HAL_UART_Transmit' differ in signedness [-Wpointer-sign]
   51 |    HAL_UART_Transmit(&huart1, "CH2:", 4, 100);
      |                               ^~~~~~
      |                               |
      |                               char *
In file included from ../Core/Inc/stm32f1xx_hal_conf.h:338,
                 from ../Drivers/STM32F1xx_HAL_Driver/Inc/stm32f1xx_hal.h:30,
                 from ../Core/Inc/main.h:30,
                 from ../Core/Inc/usr\main_ESC_Brushed.h:11,
                 from ../Core/Src/usr/main_ESC_Brushed.c:9:
../Drivers/STM32F1xx_HAL_Driver/Inc/stm32f1xx_hal_uart.h:725:73: note: expected 'uint8_t *' {aka 'unsigned char *'} but argument is of type 'char *'
  725 | HAL_StatusTypeDef HAL_UART_Transmit(UART_HandleTypeDef *huart, uint8_t *pData, uint16_t Size, uint32_t Timeout);
      |                                                                ~~~~~~~~~^~~~~
../Core/Src/usr/main_ESC_Brushed.c:53:31: warning: pointer targets in passing argument 2 of 'HAL_UART_Transmit' differ in signedness [-Wpointer-sign]
   53 |    HAL_UART_Transmit(&huart1, (char*)str, sprintf(str, "%d", J3_IBUS_GetCh(RxIBus, 2)), 100);
      |                               ^~~~~~~~~~
      |                               |
      |                               char *
In file included from ../Core/Inc/stm32f1xx_hal_conf.h:338,
                 from ../Drivers/STM32F1xx_HAL_Driver/Inc/stm32f1xx_hal.h:30,
                 from ../Core/Inc/main.h:30,
                 from ../Core/Inc/usr\main_ESC_Brushed.h:11,
                 from ../Core/Src/usr/main_ESC_Brushed.c:9:
../Drivers/STM32F1xx_HAL_Driver/Inc/stm32f1xx_hal_uart.h:725:73: note: expected 'uint8_t *' {aka 'unsigned char *'} but argument is of type 'char *'
  725 | HAL_StatusTypeDef HAL_UART_Transmit(UART_HandleTypeDef *huart, uint8_t *pData, uint16_t Size, uint32_t Timeout);
      |                                                                ~~~~~~~~~^~~~~
../Core/Src/usr/main_ESC_Brushed.c:54:31: warning: pointer targets in passing argument 2 of 'HAL_UART_Transmit' differ in signedness [-Wpointer-sign]
   54 |    HAL_UART_Transmit(&huart1, "\r\n", 2, 100);
      |                               ^~~~~~
      |                               |
      |                               char *
In file included from ../Core/Inc/stm32f1xx_hal_conf.h:338,
                 from ../Drivers/STM32F1xx_HAL_Driver/Inc/stm32f1xx_hal.h:30,
                 from ../Core/Inc/main.h:30,
                 from ../Core/Inc/usr\main_ESC_Brushed.h:11,
                 from ../Core/Src/usr/main_ESC_Brushed.c:9:
../Drivers/STM32F1xx_HAL_Driver/Inc/stm32f1xx_hal_uart.h:725:73: note: expected 'uint8_t *' {aka 'unsigned char *'} but argument is of type 'char *'
  725 | HAL_StatusTypeDef HAL_UART_Transmit(UART_HandleTypeDef *huart, uint8_t *pData, uint16_t Size, uint32_t Timeout);
      |                                                                ~~~~~~~~~^~~~~
../Core/Src/usr/main_ESC_Brushed.c:56:31: warning: pointer targets in passing argument 2 of 'HAL_UART_Transmit' differ in signedness [-Wpointer-sign]
   56 |    HAL_UART_Transmit(&huart1, "CH3:", 4, 100);
      |                               ^~~~~~
      |                               |
      |                               char *
In file included from ../Core/Inc/stm32f1xx_hal_conf.h:338,
                 from ../Drivers/STM32F1xx_HAL_Driver/Inc/stm32f1xx_hal.h:30,
                 from ../Core/Inc/main.h:30,
                 from ../Core/Inc/usr\main_ESC_Brushed.h:11,
                 from ../Core/Src/usr/main_ESC_Brushed.c:9:
../Drivers/STM32F1xx_HAL_Driver/Inc/stm32f1xx_hal_uart.h:725:73: note: expected 'uint8_t *' {aka 'unsigned char *'} but argument is of type 'char *'
  725 | HAL_StatusTypeDef HAL_UART_Transmit(UART_HandleTypeDef *huart, uint8_t *pData, uint16_t Size, uint32_t Timeout);
      |                                                                ~~~~~~~~~^~~~~
../Core/Src/usr/main_ESC_Brushed.c:58:31: warning: pointer targets in passing argument 2 of 'HAL_UART_Transmit' differ in signedness [-Wpointer-sign]
   58 |    HAL_UART_Transmit(&huart1, (char*)str, sprintf(str, "%d", J3_IBUS_GetCh(RxIBus, 3)), 100);
      |                               ^~~~~~~~~~
      |                               |
      |                               char *
In file included from ../Core/Inc/stm32f1xx_hal_conf.h:338,
                 from ../Drivers/STM32F1xx_HAL_Driver/Inc/stm32f1xx_hal.h:30,
                 from ../Core/Inc/main.h:30,
                 from ../Core/Inc/usr\main_ESC_Brushed.h:11,
                 from ../Core/Src/usr/main_ESC_Brushed.c:9:
../Drivers/STM32F1xx_HAL_Driver/Inc/stm32f1xx_hal_uart.h:725:73: note: expected 'uint8_t *' {aka 'unsigned char *'} but argument is of type 'char *'
  725 | HAL_StatusTypeDef HAL_UART_Transmit(UART_HandleTypeDef *huart, uint8_t *pData, uint16_t Size, uint32_t Timeout);
      |                                                                ~~~~~~~~~^~~~~
../Core/Src/usr/main_ESC_Brushed.c:59:31: warning: pointer targets in passing argument 2 of 'HAL_UART_Transmit' differ in signedness [-Wpointer-sign]
   59 |    HAL_UART_Transmit(&huart1, "\r\n", 2, 100);
      |                               ^~~~~~
      |                               |
      |                               char *
In file included from ../Core/Inc/stm32f1xx_hal_conf.h:338,
                 from ../Drivers/STM32F1xx_HAL_Driver/Inc/stm32f1xx_hal.h:30,
                 from ../Core/Inc/main.h:30,
                 from ../Core/Inc/usr\main_ESC_Brushed.h:11,
                 from ../Core/Src/usr/main_ESC_Brushed.c:9:
../Drivers/STM32F1xx_HAL_Driver/Inc/stm32f1xx_hal_uart.h:725:73: note: expected 'uint8_t *' {aka 'unsigned char *'} but argument is of type 'char *'
  725 | HAL_StatusTypeDef HAL_UART_Transmit(UART_HandleTypeDef *huart, uint8_t *pData, uint16_t Size, uint32_t Timeout);
      |                                                                ~~~~~~~~~^~~~~
../Core/Src/usr/main_ESC_Brushed.c:61:31: warning: pointer targets in passing argument 2 of 'HAL_UART_Transmit' differ in signedness [-Wpointer-sign]
   61 |    HAL_UART_Transmit(&huart1, "CH4:", 4, 100);
      |                               ^~~~~~
      |                               |
      |                               char *
In file included from ../Core/Inc/stm32f1xx_hal_conf.h:338,
                 from ../Drivers/STM32F1xx_HAL_Driver/Inc/stm32f1xx_hal.h:30,
                 from ../Core/Inc/main.h:30,
                 from ../Core/Inc/usr\main_ESC_Brushed.h:11,
                 from ../Core/Src/usr/main_ESC_Brushed.c:9:
../Drivers/STM32F1xx_HAL_Driver/Inc/stm32f1xx_hal_uart.h:725:73: note: expected 'uint8_t *' {aka 'unsigned char *'} but argument is of type 'char *'
  725 | HAL_StatusTypeDef HAL_UART_Transmit(UART_HandleTypeDef *huart, uint8_t *pData, uint16_t Size, uint32_t Timeout);
      |                                                                ~~~~~~~~~^~~~~
../Core/Src/usr/main_ESC_Brushed.c:63:31: warning: pointer targets in passing argument 2 of 'HAL_UART_Transmit' differ in signedness [-Wpointer-sign]
   63 |    HAL_UART_Transmit(&huart1, (char*)str, sprintf(str, "%d", J3_IBUS_GetCh(RxIBus, 4)), 100);
      |                               ^~~~~~~~~~
      |                               |
      |                               char *
In file included from ../Core/Inc/stm32f1xx_hal_conf.h:338,
                 from ../Drivers/STM32F1xx_HAL_Driver/Inc/stm32f1xx_hal.h:30,
                 from ../Core/Inc/main.h:30,
                 from ../Core/Inc/usr\main_ESC_Brushed.h:11,
                 from ../Core/Src/usr/main_ESC_Brushed.c:9:
../Drivers/STM32F1xx_HAL_Driver/Inc/stm32f1xx_hal_uart.h:725:73: note: expected 'uint8_t *' {aka 'unsigned char *'} but argument is of type 'char *'
  725 | HAL_StatusTypeDef HAL_UART_Transmit(UART_HandleTypeDef *huart, uint8_t *pData, uint16_t Size, uint32_t Timeout);
      |                                                                ~~~~~~~~~^~~~~
../Core/Src/usr/main_ESC_Brushed.c:64:31: warning: pointer targets in passing argument 2 of 'HAL_UART_Transmit' differ in signedness [-Wpointer-sign]
   64 |    HAL_UART_Transmit(&huart1, "\r\n", 2, 100);
      |                               ^~~~~~
      |                               |
      |                               char *
In file included from ../Core/Inc/stm32f1xx_hal_conf.h:338,
                 from ../Drivers/STM32F1xx_HAL_Driver/Inc/stm32f1xx_hal.h:30,
                 from ../Core/Inc/main.h:30,
                 from ../Core/Inc/usr\main_ESC_Brushed.h:11,
                 from ../Core/Src/usr/main_ESC_Brushed.c:9:
../Drivers/STM32F1xx_HAL_Driver/Inc/stm32f1xx_hal_uart.h:725:73: note: expected 'uint8_t *' {aka 'unsigned char *'} but argument is of type 'char *'
  725 | HAL_StatusTypeDef HAL_UART_Transmit(UART_HandleTypeDef *huart, uint8_t *pData, uint16_t Size, uint32_t Timeout);
      |                                                                ~~~~~~~~~^~~~~
../Core/Src/usr/main_ESC_Brushed.c:66:31: warning: pointer targets in passing argument 2 of 'HAL_UART_Transmit' differ in signedness [-Wpointer-sign]
   66 |    HAL_UART_Transmit(&huart1, "\r\n", 2, 100);
      |                               ^~~~~~
      |                               |
      |                               char *
In file included from ../Core/Inc/stm32f1xx_hal_conf.h:338,
                 from ../Drivers/STM32F1xx_HAL_Driver/Inc/stm32f1xx_hal.h:30,
                 from ../Core/Inc/main.h:30,
                 from ../Core/Inc/usr\main_ESC_Brushed.h:11,
                 from ../Core/Src/usr/main_ESC_Brushed.c:9:
../Drivers/STM32F1xx_HAL_Driver/Inc/stm32f1xx_hal_uart.h:725:73: note: expected 'uint8_t *' {aka 'unsigned char *'} but argument is of type 'char *'
  725 | HAL_StatusTypeDef HAL_UART_Transmit(UART_HandleTypeDef *huart, uint8_t *pData, uint16_t Size, uint32_t Timeout);
      |                                                                ~~~~~~~~~^~~~~
../Core/Src/usr/main_ESC_Brushed.c:18:11: warning: unused variable 'pwm' [-Wunused-variable]
   18 |   int16_t pwm = 0;
      |           ^~~
arm-none-eabi-gcc -o "J3_ESC_Brushed.elf" @"objects.list"   -mcpu=cortex-m3 -T"C:\NelsonLima\Projetos\03_ESC_Brushed\ESC_Brushed.git\trunk\CubeIDE\J3_ESC_Brushed\STM32F103C8TX_FLASH.ld" --specs=nosys.specs -Wl,-Map="J3_ESC_Brushed.map" -Wl,--gc-sections -static --specs=nano.specs -mfloat-abi=soft -mthumb -Wl,--start-group -lc -lm -Wl,--end-group
Finished building target: J3_ESC_Brushed.elf
 
arm-none-eabi-size   J3_ESC_Brushed.elf 
arm-none-eabi-objdump -h -S  J3_ESC_Brushed.elf  > "J3_ESC_Brushed.list"
   text	   data	    bss	    dec	    hex	filename
  15556	    120	   1800	  17476	   4444	J3_ESC_Brushed.elf
Finished building: default.size.stdout
 
Finished building: J3_ESC_Brushed.list
 
02:18:45 **** Incremental Build of configuration Debug for project J3_ESC_Brushed ****
make -j8 all 
arm-none-eabi-gcc "../Core/Src/usr/main_ESC_Brushed.c" -mcpu=cortex-m3 -std=gnu11 -g3 -DDEBUG -DUSE_HAL_DRIVER -DSTM32F103xB -c -I../Core/Inc -I../Drivers/STM32F1xx_HAL_Driver/Inc -I../Drivers/STM32F1xx_HAL_Driver/Inc/Legacy -I../Drivers/CMSIS/Device/ST/STM32F1xx/Include -I../Drivers/CMSIS/Include -O0 -ffunction-sections -fdata-sections -Wall -fstack-usage -MMD -MP -MF"Core/Src/usr/main_ESC_Brushed.d" -MT"Core/Src/usr/main_ESC_Brushed.o" --specs=nano.specs -mfloat-abi=soft -mthumb -o "Core/Src/usr/main_ESC_Brushed.o"
../Core/Src/usr/main_ESC_Brushed.c: In function 'main_ESC_Brushed':
../Core/Src/usr/main_ESC_Brushed.c:46:31: warning: pointer targets in passing argument 2 of 'HAL_UART_Transmit' differ in signedness [-Wpointer-sign]
   46 |    HAL_UART_Transmit(&huart1, "CH1:", 4, 100);
      |                               ^~~~~~
      |                               |
      |                               char *
In file included from ../Core/Inc/stm32f1xx_hal_conf.h:338,
                 from ../Drivers/STM32F1xx_HAL_Driver/Inc/stm32f1xx_hal.h:30,
                 from ../Core/Inc/main.h:30,
                 from ../Core/Inc/usr\main_ESC_Brushed.h:11,
                 from ../Core/Src/usr/main_ESC_Brushed.c:9:
../Drivers/STM32F1xx_HAL_Driver/Inc/stm32f1xx_hal_uart.h:725:73: note: expected 'uint8_t *' {aka 'unsigned char *'} but argument is of type 'char *'
  725 | HAL_StatusTypeDef HAL_UART_Transmit(UART_HandleTypeDef *huart, uint8_t *pData, uint16_t Size, uint32_t Timeout);
      |                                                                ~~~~~~~~~^~~~~
../Core/Src/usr/main_ESC_Brushed.c:47:4: warning: implicit declaration of function 'sprintf' [-Wimplicit-function-declaration]
   47 |    sprintf(str, "%d", J3_IBUS_GetCh(RxIBus, 1));
      |    ^~~~~~~
../Core/Src/usr/main_ESC_Brushed.c:47:4: warning: incompatible implicit declaration of built-in function 'sprintf'
../Core/Src/usr/main_ESC_Brushed.c:12:1: note: include '<stdio.h>' or provide a declaration of 'sprintf'
   11 | #include "usr\J3_IBUS_FLYSKY.h"
  +++ |+#include <stdio.h>
   12 | 
../Core/Src/usr/main_ESC_Brushed.c:48:31: warning: pointer targets in passing argument 2 of 'HAL_UART_Transmit' differ in signedness [-Wpointer-sign]
   48 |    HAL_UART_Transmit(&huart1, (char*)str, sprintf(str, "%d", J3_IBUS_GetCh(RxIBus, 1)), 100);
      |                               ^~~~~~~~~~
      |                               |
      |                               char *
In file included from ../Core/Inc/stm32f1xx_hal_conf.h:338,
                 from ../Drivers/STM32F1xx_HAL_Driver/Inc/stm32f1xx_hal.h:30,
                 from ../Core/Inc/main.h:30,
                 from ../Core/Inc/usr\main_ESC_Brushed.h:11,
                 from ../Core/Src/usr/main_ESC_Brushed.c:9:
../Drivers/STM32F1xx_HAL_Driver/Inc/stm32f1xx_hal_uart.h:725:73: note: expected 'uint8_t *' {aka 'unsigned char *'} but argument is of type 'char *'
  725 | HAL_StatusTypeDef HAL_UART_Transmit(UART_HandleTypeDef *huart, uint8_t *pData, uint16_t Size, uint32_t Timeout);
      |                                                                ~~~~~~~~~^~~~~
../Core/Src/usr/main_ESC_Brushed.c:49:31: warning: pointer targets in passing argument 2 of 'HAL_UART_Transmit' differ in signedness [-Wpointer-sign]
   49 |    HAL_UART_Transmit(&huart1, "\r\n", 2, 100);
      |                               ^~~~~~
      |                               |
      |                               char *
In file included from ../Core/Inc/stm32f1xx_hal_conf.h:338,
                 from ../Drivers/STM32F1xx_HAL_Driver/Inc/stm32f1xx_hal.h:30,
                 from ../Core/Inc/main.h:30,
                 from ../Core/Inc/usr\main_ESC_Brushed.h:11,
                 from ../Core/Src/usr/main_ESC_Brushed.c:9:
../Drivers/STM32F1xx_HAL_Driver/Inc/stm32f1xx_hal_uart.h:725:73: note: expected 'uint8_t *' {aka 'unsigned char *'} but argument is of type 'char *'
  725 | HAL_StatusTypeDef HAL_UART_Transmit(UART_HandleTypeDef *huart, uint8_t *pData, uint16_t Size, uint32_t Timeout);
      |                                                                ~~~~~~~~~^~~~~
../Core/Src/usr/main_ESC_Brushed.c:51:31: warning: pointer targets in passing argument 2 of 'HAL_UART_Transmit' differ in signedness [-Wpointer-sign]
   51 |    HAL_UART_Transmit(&huart1, "CH2:", 4, 100);
      |                               ^~~~~~
      |                               |
      |                               char *
In file included from ../Core/Inc/stm32f1xx_hal_conf.h:338,
                 from ../Drivers/STM32F1xx_HAL_Driver/Inc/stm32f1xx_hal.h:30,
                 from ../Core/Inc/main.h:30,
                 from ../Core/Inc/usr\main_ESC_Brushed.h:11,
                 from ../Core/Src/usr/main_ESC_Brushed.c:9:
../Drivers/STM32F1xx_HAL_Driver/Inc/stm32f1xx_hal_uart.h:725:73: note: expected 'uint8_t *' {aka 'unsigned char *'} but argument is of type 'char *'
  725 | HAL_StatusTypeDef HAL_UART_Transmit(UART_HandleTypeDef *huart, uint8_t *pData, uint16_t Size, uint32_t Timeout);
      |                                                                ~~~~~~~~~^~~~~
../Core/Src/usr/main_ESC_Brushed.c:53:31: warning: pointer targets in passing argument 2 of 'HAL_UART_Transmit' differ in signedness [-Wpointer-sign]
   53 |    HAL_UART_Transmit(&huart1, (char*)str, sprintf(str, "%d", J3_IBUS_GetCh(RxIBus, 2)), 100);
      |                               ^~~~~~~~~~
      |                               |
      |                               char *
In file included from ../Core/Inc/stm32f1xx_hal_conf.h:338,
                 from ../Drivers/STM32F1xx_HAL_Driver/Inc/stm32f1xx_hal.h:30,
                 from ../Core/Inc/main.h:30,
                 from ../Core/Inc/usr\main_ESC_Brushed.h:11,
                 from ../Core/Src/usr/main_ESC_Brushed.c:9:
../Drivers/STM32F1xx_HAL_Driver/Inc/stm32f1xx_hal_uart.h:725:73: note: expected 'uint8_t *' {aka 'unsigned char *'} but argument is of type 'char *'
  725 | HAL_StatusTypeDef HAL_UART_Transmit(UART_HandleTypeDef *huart, uint8_t *pData, uint16_t Size, uint32_t Timeout);
      |                                                                ~~~~~~~~~^~~~~
../Core/Src/usr/main_ESC_Brushed.c:54:31: warning: pointer targets in passing argument 2 of 'HAL_UART_Transmit' differ in signedness [-Wpointer-sign]
   54 |    HAL_UART_Transmit(&huart1, "\r\n", 2, 100);
      |                               ^~~~~~
      |                               |
      |                               char *
In file included from ../Core/Inc/stm32f1xx_hal_conf.h:338,
                 from ../Drivers/STM32F1xx_HAL_Driver/Inc/stm32f1xx_hal.h:30,
                 from ../Core/Inc/main.h:30,
                 from ../Core/Inc/usr\main_ESC_Brushed.h:11,
                 from ../Core/Src/usr/main_ESC_Brushed.c:9:
../Drivers/STM32F1xx_HAL_Driver/Inc/stm32f1xx_hal_uart.h:725:73: note: expected 'uint8_t *' {aka 'unsigned char *'} but argument is of type 'char *'
  725 | HAL_StatusTypeDef HAL_UART_Transmit(UART_HandleTypeDef *huart, uint8_t *pData, uint16_t Size, uint32_t Timeout);
      |                                                                ~~~~~~~~~^~~~~
../Core/Src/usr/main_ESC_Brushed.c:56:31: warning: pointer targets in passing argument 2 of 'HAL_UART_Transmit' differ in signedness [-Wpointer-sign]
   56 |    HAL_UART_Transmit(&huart1, "CH3:", 4, 100);
      |                               ^~~~~~
      |                               |
      |                               char *
In file included from ../Core/Inc/stm32f1xx_hal_conf.h:338,
                 from ../Drivers/STM32F1xx_HAL_Driver/Inc/stm32f1xx_hal.h:30,
                 from ../Core/Inc/main.h:30,
                 from ../Core/Inc/usr\main_ESC_Brushed.h:11,
                 from ../Core/Src/usr/main_ESC_Brushed.c:9:
../Drivers/STM32F1xx_HAL_Driver/Inc/stm32f1xx_hal_uart.h:725:73: note: expected 'uint8_t *' {aka 'unsigned char *'} but argument is of type 'char *'
  725 | HAL_StatusTypeDef HAL_UART_Transmit(UART_HandleTypeDef *huart, uint8_t *pData, uint16_t Size, uint32_t Timeout);
      |                                                                ~~~~~~~~~^~~~~
../Core/Src/usr/main_ESC_Brushed.c:58:31: warning: pointer targets in passing argument 2 of 'HAL_UART_Transmit' differ in signedness [-Wpointer-sign]
   58 |    HAL_UART_Transmit(&huart1, (char*)str, sprintf(str, "%d", J3_IBUS_GetCh(RxIBus, 3)), 100);
      |                               ^~~~~~~~~~
      |                               |
      |                               char *
In file included from ../Core/Inc/stm32f1xx_hal_conf.h:338,
                 from ../Drivers/STM32F1xx_HAL_Driver/Inc/stm32f1xx_hal.h:30,
                 from ../Core/Inc/main.h:30,
                 from ../Core/Inc/usr\main_ESC_Brushed.h:11,
                 from ../Core/Src/usr/main_ESC_Brushed.c:9:
../Drivers/STM32F1xx_HAL_Driver/Inc/stm32f1xx_hal_uart.h:725:73: note: expected 'uint8_t *' {aka 'unsigned char *'} but argument is of type 'char *'
  725 | HAL_StatusTypeDef HAL_UART_Transmit(UART_HandleTypeDef *huart, uint8_t *pData, uint16_t Size, uint32_t Timeout);
      |                                                                ~~~~~~~~~^~~~~
../Core/Src/usr/main_ESC_Brushed.c:59:31: warning: pointer targets in passing argument 2 of 'HAL_UART_Transmit' differ in signedness [-Wpointer-sign]
   59 |    HAL_UART_Transmit(&huart1, "\r\n", 2, 100);
      |                               ^~~~~~
      |                               |
      |                               char *
In file included from ../Core/Inc/stm32f1xx_hal_conf.h:338,
                 from ../Drivers/STM32F1xx_HAL_Driver/Inc/stm32f1xx_hal.h:30,
                 from ../Core/Inc/main.h:30,
                 from ../Core/Inc/usr\main_ESC_Brushed.h:11,
                 from ../Core/Src/usr/main_ESC_Brushed.c:9:
../Drivers/STM32F1xx_HAL_Driver/Inc/stm32f1xx_hal_uart.h:725:73: note: expected 'uint8_t *' {aka 'unsigned char *'} but argument is of type 'char *'
  725 | HAL_StatusTypeDef HAL_UART_Transmit(UART_HandleTypeDef *huart, uint8_t *pData, uint16_t Size, uint32_t Timeout);
      |                                                                ~~~~~~~~~^~~~~
../Core/Src/usr/main_ESC_Brushed.c:61:31: warning: pointer targets in passing argument 2 of 'HAL_UART_Transmit' differ in signedness [-Wpointer-sign]
   61 |    HAL_UART_Transmit(&huart1, "CH4:", 4, 100);
      |                               ^~~~~~
      |                               |
      |                               char *
In file included from ../Core/Inc/stm32f1xx_hal_conf.h:338,
                 from ../Drivers/STM32F1xx_HAL_Driver/Inc/stm32f1xx_hal.h:30,
                 from ../Core/Inc/main.h:30,
                 from ../Core/Inc/usr\main_ESC_Brushed.h:11,
                 from ../Core/Src/usr/main_ESC_Brushed.c:9:
../Drivers/STM32F1xx_HAL_Driver/Inc/stm32f1xx_hal_uart.h:725:73: note: expected 'uint8_t *' {aka 'unsigned char *'} but argument is of type 'char *'
  725 | HAL_StatusTypeDef HAL_UART_Transmit(UART_HandleTypeDef *huart, uint8_t *pData, uint16_t Size, uint32_t Timeout);
      |                                                                ~~~~~~~~~^~~~~
../Core/Src/usr/main_ESC_Brushed.c:63:31: warning: pointer targets in passing argument 2 of 'HAL_UART_Transmit' differ in signedness [-Wpointer-sign]
   63 |    HAL_UART_Transmit(&huart1, (char*)str, sprintf(str, "%d", J3_IBUS_GetCh(RxIBus, 4)), 100);
      |                               ^~~~~~~~~~
      |                               |
      |                               char *
In file included from ../Core/Inc/stm32f1xx_hal_conf.h:338,
                 from ../Drivers/STM32F1xx_HAL_Driver/Inc/stm32f1xx_hal.h:30,
                 from ../Core/Inc/main.h:30,
                 from ../Core/Inc/usr\main_ESC_Brushed.h:11,
                 from ../Core/Src/usr/main_ESC_Brushed.c:9:
../Drivers/STM32F1xx_HAL_Driver/Inc/stm32f1xx_hal_uart.h:725:73: note: expected 'uint8_t *' {aka 'unsigned char *'} but argument is of type 'char *'
  725 | HAL_StatusTypeDef HAL_UART_Transmit(UART_HandleTypeDef *huart, uint8_t *pData, uint16_t Size, uint32_t Timeout);
      |                                                                ~~~~~~~~~^~~~~
../Core/Src/usr/main_ESC_Brushed.c:64:31: warning: pointer targets in passing argument 2 of 'HAL_UART_Transmit' differ in signedness [-Wpointer-sign]
   64 |    HAL_UART_Transmit(&huart1, "\r\n", 2, 100);
      |                               ^~~~~~
      |                               |
      |                               char *
In file included from ../Core/Inc/stm32f1xx_hal_conf.h:338,
                 from ../Drivers/STM32F1xx_HAL_Driver/Inc/stm32f1xx_hal.h:30,
                 from ../Core/Inc/main.h:30,
                 from ../Core/Inc/usr\main_ESC_Brushed.h:11,
                 from ../Core/Src/usr/main_ESC_Brushed.c:9:
../Drivers/STM32F1xx_HAL_Driver/Inc/stm32f1xx_hal_uart.h:725:73: note: expected 'uint8_t *' {aka 'unsigned char *'} but argument is of type 'char *'
  725 | HAL_StatusTypeDef HAL_UART_Transmit(UART_HandleTypeDef *huart, uint8_t *pData, uint16_t Size, uint32_t Timeout);
      |                                                                ~~~~~~~~~^~~~~
../Core/Src/usr/main_ESC_Brushed.c:66:31: warning: pointer targets in passing argument 2 of 'HAL_UART_Transmit' differ in signedness [-Wpointer-sign]
   66 |    HAL_UART_Transmit(&huart1, "\r\n", 2, 100);
      |                               ^~~~~~
      |                               |
      |                               char *
In file included from ../Core/Inc/stm32f1xx_hal_conf.h:338,
                 from ../Drivers/STM32F1xx_HAL_Driver/Inc/stm32f1xx_hal.h:30,
                 from ../Core/Inc/main.h:30,
                 from ../Core/Inc/usr\main_ESC_Brushed.h:11,
                 from ../Core/Src/usr/main_ESC_Brushed.c:9:
../Drivers/STM32F1xx_HAL_Driver/Inc/stm32f1xx_hal_uart.h:725:73: note: expected 'uint8_t *' {aka 'unsigned char *'} but argument is of type 'char *'
  725 | HAL_StatusTypeDef HAL_UART_Transmit(UART_HandleTypeDef *huart, uint8_t *pData, uint16_t Size, uint32_t Timeout);
      |                                                                ~~~~~~~~~^~~~~
../Core/Src/usr/main_ESC_Brushed.c:18:11: warning: unused variable 'pwm' [-Wunused-variable]
   18 |   int16_t pwm = 0;
      |           ^~~
arm-none-eabi-gcc -o "J3_ESC_Brushed.elf" @"objects.list"   -mcpu=cortex-m3 -T"C:\NelsonLima\Projetos\03_ESC_Brushed\ESC_Brushed.git\trunk\CubeIDE\J3_ESC_Brushed\STM32F103C8TX_FLASH.ld" --specs=nosys.specs -Wl,-Map="J3_ESC_Brushed.map" -Wl,--gc-sections -static --specs=nano.specs -mfloat-abi=soft -mthumb -Wl,--start-group -lc -lm -Wl,--end-group
Finished building target: J3_ESC_Brushed.elf
 
arm-none-eabi-size   J3_ESC_Brushed.elf 
arm-none-eabi-objdump -h -S  J3_ESC_Brushed.elf  > "J3_ESC_Brushed.list"
   text	   data	    bss	    dec	    hex	filename
  16144	    120	   1800	  18064	   4690	J3_ESC_Brushed.elf
Finished building: default.size.stdout
 
Finished building: J3_ESC_Brushed.list
 
02:20:51 **** Incremental Build of configuration Debug for project J3_ESC_Brushed ****
make -j8 all 
arm-none-eabi-gcc "../Core/Src/usr/main_ESC_Brushed.c" -mcpu=cortex-m3 -std=gnu11 -g3 -DDEBUG -DUSE_HAL_DRIVER -DSTM32F103xB -c -I../Core/Inc -I../Drivers/STM32F1xx_HAL_Driver/Inc -I../Drivers/STM32F1xx_HAL_Driver/Inc/Legacy -I../Drivers/CMSIS/Device/ST/STM32F1xx/Include -I../Drivers/CMSIS/Include -O0 -ffunction-sections -fdata-sections -Wall -fstack-usage -MMD -MP -MF"Core/Src/usr/main_ESC_Brushed.d" -MT"Core/Src/usr/main_ESC_Brushed.o" --specs=nano.specs -mfloat-abi=soft -mthumb -o "Core/Src/usr/main_ESC_Brushed.o"
../Core/Src/usr/main_ESC_Brushed.c: In function 'main_ESC_Brushed':
../Core/Src/usr/main_ESC_Brushed.c:46:31: warning: pointer targets in passing argument 2 of 'HAL_UART_Transmit' differ in signedness [-Wpointer-sign]
   46 |    HAL_UART_Transmit(&huart1, "CH1:", 4, 100);
      |                               ^~~~~~
      |                               |
      |                               char *
In file included from ../Core/Inc/stm32f1xx_hal_conf.h:338,
                 from ../Drivers/STM32F1xx_HAL_Driver/Inc/stm32f1xx_hal.h:30,
                 from ../Core/Inc/main.h:30,
                 from ../Core/Inc/usr\main_ESC_Brushed.h:11,
                 from ../Core/Src/usr/main_ESC_Brushed.c:9:
../Drivers/STM32F1xx_HAL_Driver/Inc/stm32f1xx_hal_uart.h:725:73: note: expected 'uint8_t *' {aka 'unsigned char *'} but argument is of type 'char *'
  725 | HAL_StatusTypeDef HAL_UART_Transmit(UART_HandleTypeDef *huart, uint8_t *pData, uint16_t Size, uint32_t Timeout);
      |                                                                ~~~~~~~~~^~~~~
../Core/Src/usr/main_ESC_Brushed.c:47:4: warning: implicit declaration of function 'sprintf' [-Wimplicit-function-declaration]
   47 |    sprintf(str, "%d", J3_IBUS_GetCh(RxIBus, 1));
      |    ^~~~~~~
../Core/Src/usr/main_ESC_Brushed.c:47:4: warning: incompatible implicit declaration of built-in function 'sprintf'
../Core/Src/usr/main_ESC_Brushed.c:12:1: note: include '<stdio.h>' or provide a declaration of 'sprintf'
   11 | #include "usr\J3_IBUS_FLYSKY.h"
  +++ |+#include <stdio.h>
   12 | 
../Core/Src/usr/main_ESC_Brushed.c:48:31: warning: pointer targets in passing argument 2 of 'HAL_UART_Transmit' differ in signedness [-Wpointer-sign]
   48 |    HAL_UART_Transmit(&huart1, (char*)str, sprintf(str, "%d", J3_IBUS_GetCh(RxIBus, 1)), 100);
      |                               ^~~~~~~~~~
      |                               |
      |                               char *
In file included from ../Core/Inc/stm32f1xx_hal_conf.h:338,
                 from ../Drivers/STM32F1xx_HAL_Driver/Inc/stm32f1xx_hal.h:30,
                 from ../Core/Inc/main.h:30,
                 from ../Core/Inc/usr\main_ESC_Brushed.h:11,
                 from ../Core/Src/usr/main_ESC_Brushed.c:9:
../Drivers/STM32F1xx_HAL_Driver/Inc/stm32f1xx_hal_uart.h:725:73: note: expected 'uint8_t *' {aka 'unsigned char *'} but argument is of type 'char *'
  725 | HAL_StatusTypeDef HAL_UART_Transmit(UART_HandleTypeDef *huart, uint8_t *pData, uint16_t Size, uint32_t Timeout);
      |                                                                ~~~~~~~~~^~~~~
../Core/Src/usr/main_ESC_Brushed.c:49:31: warning: pointer targets in passing argument 2 of 'HAL_UART_Transmit' differ in signedness [-Wpointer-sign]
   49 |    HAL_UART_Transmit(&huart1, "\r\n", 2, 100);
      |                               ^~~~~~
      |                               |
      |                               char *
In file included from ../Core/Inc/stm32f1xx_hal_conf.h:338,
                 from ../Drivers/STM32F1xx_HAL_Driver/Inc/stm32f1xx_hal.h:30,
                 from ../Core/Inc/main.h:30,
                 from ../Core/Inc/usr\main_ESC_Brushed.h:11,
                 from ../Core/Src/usr/main_ESC_Brushed.c:9:
../Drivers/STM32F1xx_HAL_Driver/Inc/stm32f1xx_hal_uart.h:725:73: note: expected 'uint8_t *' {aka 'unsigned char *'} but argument is of type 'char *'
  725 | HAL_StatusTypeDef HAL_UART_Transmit(UART_HandleTypeDef *huart, uint8_t *pData, uint16_t Size, uint32_t Timeout);
      |                                                                ~~~~~~~~~^~~~~
../Core/Src/usr/main_ESC_Brushed.c:51:31: warning: pointer targets in passing argument 2 of 'HAL_UART_Transmit' differ in signedness [-Wpointer-sign]
   51 |    HAL_UART_Transmit(&huart1, "CH2:", 4, 100);
      |                               ^~~~~~
      |                               |
      |                               char *
In file included from ../Core/Inc/stm32f1xx_hal_conf.h:338,
                 from ../Drivers/STM32F1xx_HAL_Driver/Inc/stm32f1xx_hal.h:30,
                 from ../Core/Inc/main.h:30,
                 from ../Core/Inc/usr\main_ESC_Brushed.h:11,
                 from ../Core/Src/usr/main_ESC_Brushed.c:9:
../Drivers/STM32F1xx_HAL_Driver/Inc/stm32f1xx_hal_uart.h:725:73: note: expected 'uint8_t *' {aka 'unsigned char *'} but argument is of type 'char *'
  725 | HAL_StatusTypeDef HAL_UART_Transmit(UART_HandleTypeDef *huart, uint8_t *pData, uint16_t Size, uint32_t Timeout);
      |                                                                ~~~~~~~~~^~~~~
../Core/Src/usr/main_ESC_Brushed.c:53:31: warning: pointer targets in passing argument 2 of 'HAL_UART_Transmit' differ in signedness [-Wpointer-sign]
   53 |    HAL_UART_Transmit(&huart1, (char*)str, sprintf(str, "%d", J3_IBUS_GetCh(RxIBus, 2)), 100);
      |                               ^~~~~~~~~~
      |                               |
      |                               char *
In file included from ../Core/Inc/stm32f1xx_hal_conf.h:338,
                 from ../Drivers/STM32F1xx_HAL_Driver/Inc/stm32f1xx_hal.h:30,
                 from ../Core/Inc/main.h:30,
                 from ../Core/Inc/usr\main_ESC_Brushed.h:11,
                 from ../Core/Src/usr/main_ESC_Brushed.c:9:
../Drivers/STM32F1xx_HAL_Driver/Inc/stm32f1xx_hal_uart.h:725:73: note: expected 'uint8_t *' {aka 'unsigned char *'} but argument is of type 'char *'
  725 | HAL_StatusTypeDef HAL_UART_Transmit(UART_HandleTypeDef *huart, uint8_t *pData, uint16_t Size, uint32_t Timeout);
      |                                                                ~~~~~~~~~^~~~~
../Core/Src/usr/main_ESC_Brushed.c:54:31: warning: pointer targets in passing argument 2 of 'HAL_UART_Transmit' differ in signedness [-Wpointer-sign]
   54 |    HAL_UART_Transmit(&huart1, "\r\n", 2, 100);
      |                               ^~~~~~
      |                               |
      |                               char *
In file included from ../Core/Inc/stm32f1xx_hal_conf.h:338,
                 from ../Drivers/STM32F1xx_HAL_Driver/Inc/stm32f1xx_hal.h:30,
                 from ../Core/Inc/main.h:30,
                 from ../Core/Inc/usr\main_ESC_Brushed.h:11,
                 from ../Core/Src/usr/main_ESC_Brushed.c:9:
../Drivers/STM32F1xx_HAL_Driver/Inc/stm32f1xx_hal_uart.h:725:73: note: expected 'uint8_t *' {aka 'unsigned char *'} but argument is of type 'char *'
  725 | HAL_StatusTypeDef HAL_UART_Transmit(UART_HandleTypeDef *huart, uint8_t *pData, uint16_t Size, uint32_t Timeout);
      |                                                                ~~~~~~~~~^~~~~
../Core/Src/usr/main_ESC_Brushed.c:56:31: warning: pointer targets in passing argument 2 of 'HAL_UART_Transmit' differ in signedness [-Wpointer-sign]
   56 |    HAL_UART_Transmit(&huart1, "CH3:", 4, 100);
      |                               ^~~~~~
      |                               |
      |                               char *
In file included from ../Core/Inc/stm32f1xx_hal_conf.h:338,
                 from ../Drivers/STM32F1xx_HAL_Driver/Inc/stm32f1xx_hal.h:30,
                 from ../Core/Inc/main.h:30,
                 from ../Core/Inc/usr\main_ESC_Brushed.h:11,
                 from ../Core/Src/usr/main_ESC_Brushed.c:9:
../Drivers/STM32F1xx_HAL_Driver/Inc/stm32f1xx_hal_uart.h:725:73: note: expected 'uint8_t *' {aka 'unsigned char *'} but argument is of type 'char *'
  725 | HAL_StatusTypeDef HAL_UART_Transmit(UART_HandleTypeDef *huart, uint8_t *pData, uint16_t Size, uint32_t Timeout);
      |                                                                ~~~~~~~~~^~~~~
../Core/Src/usr/main_ESC_Brushed.c:58:31: warning: pointer targets in passing argument 2 of 'HAL_UART_Transmit' differ in signedness [-Wpointer-sign]
   58 |    HAL_UART_Transmit(&huart1, (char*)str, sprintf(str, "%d", J3_IBUS_GetCh(RxIBus, 3)), 100);
      |                               ^~~~~~~~~~
      |                               |
      |                               char *
In file included from ../Core/Inc/stm32f1xx_hal_conf.h:338,
                 from ../Drivers/STM32F1xx_HAL_Driver/Inc/stm32f1xx_hal.h:30,
                 from ../Core/Inc/main.h:30,
                 from ../Core/Inc/usr\main_ESC_Brushed.h:11,
                 from ../Core/Src/usr/main_ESC_Brushed.c:9:
../Drivers/STM32F1xx_HAL_Driver/Inc/stm32f1xx_hal_uart.h:725:73: note: expected 'uint8_t *' {aka 'unsigned char *'} but argument is of type 'char *'
  725 | HAL_StatusTypeDef HAL_UART_Transmit(UART_HandleTypeDef *huart, uint8_t *pData, uint16_t Size, uint32_t Timeout);
      |                                                                ~~~~~~~~~^~~~~
../Core/Src/usr/main_ESC_Brushed.c:59:31: warning: pointer targets in passing argument 2 of 'HAL_UART_Transmit' differ in signedness [-Wpointer-sign]
   59 |    HAL_UART_Transmit(&huart1, "\r\n", 2, 100);
      |                               ^~~~~~
      |                               |
      |                               char *
In file included from ../Core/Inc/stm32f1xx_hal_conf.h:338,
                 from ../Drivers/STM32F1xx_HAL_Driver/Inc/stm32f1xx_hal.h:30,
                 from ../Core/Inc/main.h:30,
                 from ../Core/Inc/usr\main_ESC_Brushed.h:11,
                 from ../Core/Src/usr/main_ESC_Brushed.c:9:
../Drivers/STM32F1xx_HAL_Driver/Inc/stm32f1xx_hal_uart.h:725:73: note: expected 'uint8_t *' {aka 'unsigned char *'} but argument is of type 'char *'
  725 | HAL_StatusTypeDef HAL_UART_Transmit(UART_HandleTypeDef *huart, uint8_t *pData, uint16_t Size, uint32_t Timeout);
      |                                                                ~~~~~~~~~^~~~~
../Core/Src/usr/main_ESC_Brushed.c:61:31: warning: pointer targets in passing argument 2 of 'HAL_UART_Transmit' differ in signedness [-Wpointer-sign]
   61 |    HAL_UART_Transmit(&huart1, "CH4:", 4, 100);
      |                               ^~~~~~
      |                               |
      |                               char *
In file included from ../Core/Inc/stm32f1xx_hal_conf.h:338,
                 from ../Drivers/STM32F1xx_HAL_Driver/Inc/stm32f1xx_hal.h:30,
                 from ../Core/Inc/main.h:30,
                 from ../Core/Inc/usr\main_ESC_Brushed.h:11,
                 from ../Core/Src/usr/main_ESC_Brushed.c:9:
../Drivers/STM32F1xx_HAL_Driver/Inc/stm32f1xx_hal_uart.h:725:73: note: expected 'uint8_t *' {aka 'unsigned char *'} but argument is of type 'char *'
  725 | HAL_StatusTypeDef HAL_UART_Transmit(UART_HandleTypeDef *huart, uint8_t *pData, uint16_t Size, uint32_t Timeout);
      |                                                                ~~~~~~~~~^~~~~
../Core/Src/usr/main_ESC_Brushed.c:63:31: warning: pointer targets in passing argument 2 of 'HAL_UART_Transmit' differ in signedness [-Wpointer-sign]
   63 |    HAL_UART_Transmit(&huart1, (char*)str, sprintf(str, "%d", J3_IBUS_GetCh(RxIBus, 4)), 100);
      |                               ^~~~~~~~~~
      |                               |
      |                               char *
In file included from ../Core/Inc/stm32f1xx_hal_conf.h:338,
                 from ../Drivers/STM32F1xx_HAL_Driver/Inc/stm32f1xx_hal.h:30,
                 from ../Core/Inc/main.h:30,
                 from ../Core/Inc/usr\main_ESC_Brushed.h:11,
                 from ../Core/Src/usr/main_ESC_Brushed.c:9:
../Drivers/STM32F1xx_HAL_Driver/Inc/stm32f1xx_hal_uart.h:725:73: note: expected 'uint8_t *' {aka 'unsigned char *'} but argument is of type 'char *'
  725 | HAL_StatusTypeDef HAL_UART_Transmit(UART_HandleTypeDef *huart, uint8_t *pData, uint16_t Size, uint32_t Timeout);
      |                                                                ~~~~~~~~~^~~~~
../Core/Src/usr/main_ESC_Brushed.c:64:31: warning: pointer targets in passing argument 2 of 'HAL_UART_Transmit' differ in signedness [-Wpointer-sign]
   64 |    HAL_UART_Transmit(&huart1, "\r\n", 2, 100);
      |                               ^~~~~~
      |                               |
      |                               char *
In file included from ../Core/Inc/stm32f1xx_hal_conf.h:338,
                 from ../Drivers/STM32F1xx_HAL_Driver/Inc/stm32f1xx_hal.h:30,
                 from ../Core/Inc/main.h:30,
                 from ../Core/Inc/usr\main_ESC_Brushed.h:11,
                 from ../Core/Src/usr/main_ESC_Brushed.c:9:
../Drivers/STM32F1xx_HAL_Driver/Inc/stm32f1xx_hal_uart.h:725:73: note: expected 'uint8_t *' {aka 'unsigned char *'} but argument is of type 'char *'
  725 | HAL_StatusTypeDef HAL_UART_Transmit(UART_HandleTypeDef *huart, uint8_t *pData, uint16_t Size, uint32_t Timeout);
      |                                                                ~~~~~~~~~^~~~~
../Core/Src/usr/main_ESC_Brushed.c:66:31: warning: pointer targets in passing argument 2 of 'HAL_UART_Transmit' differ in signedness [-Wpointer-sign]
   66 |    HAL_UART_Transmit(&huart1, "\r\n", 2, 100);
      |                               ^~~~~~
      |                               |
      |                               char *
In file included from ../Core/Inc/stm32f1xx_hal_conf.h:338,
                 from ../Drivers/STM32F1xx_HAL_Driver/Inc/stm32f1xx_hal.h:30,
                 from ../Core/Inc/main.h:30,
                 from ../Core/Inc/usr\main_ESC_Brushed.h:11,
                 from ../Core/Src/usr/main_ESC_Brushed.c:9:
../Drivers/STM32F1xx_HAL_Driver/Inc/stm32f1xx_hal_uart.h:725:73: note: expected 'uint8_t *' {aka 'unsigned char *'} but argument is of type 'char *'
  725 | HAL_StatusTypeDef HAL_UART_Transmit(UART_HandleTypeDef *huart, uint8_t *pData, uint16_t Size, uint32_t Timeout);
      |                                                                ~~~~~~~~~^~~~~
../Core/Src/usr/main_ESC_Brushed.c:18:11: warning: unused variable 'pwm' [-Wunused-variable]
   18 |   int16_t pwm = 0;
      |           ^~~
arm-none-eabi-gcc -o "J3_ESC_Brushed.elf" @"objects.list"   -mcpu=cortex-m3 -T"C:\NelsonLima\Projetos\03_ESC_Brushed\ESC_Brushed.git\trunk\CubeIDE\J3_ESC_Brushed\STM32F103C8TX_FLASH.ld" --specs=nosys.specs -Wl,-Map="J3_ESC_Brushed.map" -Wl,--gc-sections -static --specs=nano.specs -mfloat-abi=soft -mthumb -Wl,--start-group -lc -lm -Wl,--end-group
Finished building target: J3_ESC_Brushed.elf
 
arm-none-eabi-size   J3_ESC_Brushed.elf 
arm-none-eabi-objdump -h -S  J3_ESC_Brushed.elf  > "J3_ESC_Brushed.list"
   text	   data	    bss	    dec	    hex	filename
  16148	    120	   1800	  18068	   4694	J3_ESC_Brushed.elf
Finished building: default.size.stdout
 
Finished building: J3_ESC_Brushed.list
 
02:26:19 **** Incremental Build of configuration Debug for project J3_ESC_Brushed ****
make -j8 all 
arm-none-eabi-gcc "../Core/Src/usr/main_ESC_Brushed.c" -mcpu=cortex-m3 -std=gnu11 -g3 -DDEBUG -DUSE_HAL_DRIVER -DSTM32F103xB -c -I../Core/Inc -I../Drivers/STM32F1xx_HAL_Driver/Inc -I../Drivers/STM32F1xx_HAL_Driver/Inc/Legacy -I../Drivers/CMSIS/Device/ST/STM32F1xx/Include -I../Drivers/CMSIS/Include -O0 -ffunction-sections -fdata-sections -Wall -fstack-usage -MMD -MP -MF"Core/Src/usr/main_ESC_Brushed.d" -MT"Core/Src/usr/main_ESC_Brushed.o" --specs=nano.specs -mfloat-abi=soft -mthumb -o "Core/Src/usr/main_ESC_Brushed.o"
../Core/Src/usr/main_ESC_Brushed.c: In function 'main_ESC_Brushed':
../Core/Src/usr/main_ESC_Brushed.c:19:8: warning: unused variable 'str' [-Wunused-variable]
   19 |   char str[6];
      |        ^~~
../Core/Src/usr/main_ESC_Brushed.c:18:11: warning: unused variable 'pwm' [-Wunused-variable]
   18 |   int16_t pwm = 0;
      |           ^~~
arm-none-eabi-gcc -o "J3_ESC_Brushed.elf" @"objects.list"   -mcpu=cortex-m3 -T"C:\NelsonLima\Projetos\03_ESC_Brushed\ESC_Brushed.git\trunk\CubeIDE\J3_ESC_Brushed\STM32F103C8TX_FLASH.ld" --specs=nosys.specs -Wl,-Map="J3_ESC_Brushed.map" -Wl,--gc-sections -static --specs=nano.specs -mfloat-abi=soft -mthumb -Wl,--start-group -lc -lm -Wl,--end-group
Finished building target: J3_ESC_Brushed.elf
 
arm-none-eabi-size   J3_ESC_Brushed.elf 
arm-none-eabi-objdump -h -S  J3_ESC_Brushed.elf  > "J3_ESC_Brushed.list"
   text	   data	    bss	    dec	    hex	filename
  13336	    120	   1800	  15256	   3b98	J3_ESC_Brushed.elf
Finished building: default.size.stdout
 
Finished building: J3_ESC_Brushed.list
 
