../Core/Src/usr/main_ESC_Brushed.c:25:5:main_ESC_Brushed	8	static
../Core/Src/usr/main_ESC_Brushed.c:100:10:J3_ESC_ValidVal	16	static
../Core/Src/usr/main_ESC_Brushed.c:111:6:J3_ESC_Servo	24	static
../Core/Src/usr/main_ESC_Brushed.c:120:6:J3_ESC_Motor	24	static
../Core/Src/usr/main_ESC_Brushed.c:153:6:J3_PonteH_SetVal	16	static
../Core/Src/usr/main_ESC_Brushed.c:172:6:J3_PonteH_Para	16	static
../Core/Src/usr/main_ESC_Brushed.c:186:6:J3_PonteH_Frente	16	static
../Core/Src/usr/main_ESC_Brushed.c:200:6:J3_PonteH_Reverse	16	static
../Core/Src/usr/main_ESC_Brushed.c:214:6:J3_PonteH_Inverte	16	static
../Core/Src/usr/main_ESC_Brushed.c:228:6:J3_Servo_SetVal	16	static
../Core/Src/usr/main_ESC_Brushed.c:247:6:HAL_UART_RxCpltCallback	16	static
../Core/Src/usr/main_ESC_Brushed.c:252:6:HAL_TIM_PWM_PulseFinishedCallback	16	static
